Component: ARM Compiler 5.05 update 1 (build 106) Tool: armlink [4d0efa]

==============================================================================

Section Cross References

    main.o(.text) refers to _printf_pad.o(.text) for _printf_pre_padding
    main.o(.text) refers to _printf_percent.o(.ARM.Collect$$_printf_percent$$00000000) for _printf_percent
    main.o(.text) refers to _printf_d.o(.ARM.Collect$$_printf_percent$$00000009) for _printf_d
    main.o(.text) refers to _printf_dec.o(.text) for _printf_int_dec
    main.o(.text) refers to os_flag.o(.text) for OSFlagPend
    main.o(.text) refers to lock.o(.text) for LOCK_Init
    main.o(.text) refers to os_sem.o(.text) for OSSemPend
    main.o(.text) refers to oled.o(.text) for OLED_Clear
    main.o(.text) refers to delay.o(.text) for delay_ms
    main.o(.text) refers to os_task.o(.text) for OSTaskSuspend
    main.o(.text) refers to stm32f4xx_rtc.o(.text) for RTC_GetTime
    main.o(.text) refers to os_mutex.o(.text) for OSMutexPend
    main.o(.text) refers to __2sprintf.o(.text) for __2sprintf
    main.o(.text) refers to keyboard.o(.text) for KEYBOARD_Num
    main.o(.text) refers to os_q.o(.text) for OSQPend
    main.o(.text) refers to strlen.o(.text) for strlen
    main.o(.text) refers to strcmpv7m.o(.text) for strcmp
    main.o(.text) refers to strcat.o(.text) for strcat
    main.o(.text) refers to root.o(.text) for ROOT_Mode
    main.o(.text) refers to as608.o(.text) for press_FR
    main.o(.text) refers to strstr.o(.text) for strstr
    main.o(.text) refers to strtok.o(.text) for strtok
    main.o(.text) refers to password.o(.text) for Check_Password
    main.o(.text) refers to rt_memclr.o(.text) for __aeabi_memclr
    main.o(.text) refers to bluetooth.o(.text) for usart_send_str
    main.o(.text) refers to led.o(.text) for LED_Init
    main.o(.text) refers to beep.o(.text) for BEEP_Init
    main.o(.text) refers to usart2.o(.text) for usart2_init
    main.o(.text) refers to exti.o(.text) for EXTI9_Init
    main.o(.text) refers to rtc.o(.text) for My_RTC_Init
    main.o(.text) refers to main.o(.bss) for .bss
    main.o(.text) refers to main.o(.data) for .data
    main.o(.text) refers to as608.o(.data) for AS608Addr
    main.o(.text) refers to as608.o(.bss) for AS608Para
    main.o(.text) refers to misc.o(.text) for NVIC_PriorityGroupConfig
    main.o(.text) refers to os_core.o(.text) for OSInit
    main.o(.text) refers to stm32f4xx_exti.o(.text) for EXTI_GetITStatus
    main.o(.text) refers to stm32f4xx_usart.o(.text) for USART_GetITStatus
    system_stm32f4xx.o(.text) refers to system_stm32f4xx.o(.data) for .data
    led.o(.text) refers to stm32f4xx_rcc.o(.text) for RCC_AHB1PeriphClockCmd
    led.o(.text) refers to stm32f4xx_gpio.o(.text) for GPIO_Init
    as608.o(.text) refers to stm32f4xx_rcc.o(.text) for RCC_AHB1PeriphClockCmd
    as608.o(.text) refers to stm32f4xx_gpio.o(.text) for GPIO_Init
    as608.o(.text) refers to delay.o(.text) for delay_ms
    as608.o(.text) refers to strstr.o(.text) for strstr
    as608.o(.text) refers to as608.o(.data) for .data
    as608.o(.text) refers to usart2.o(.data) for USART2_RX_STA
    as608.o(.text) refers to usart2.o(.bss) for USART2_RX_BUF
    as608.o(.text) refers to oled.o(.text) for OLED_Clear
    as608.o(.text) refers to os_q.o(.text) for OSQPend
    as608.o(.text) refers to strcmpv7m.o(.text) for strcmp
    as608.o(.text) refers to strlen.o(.text) for strlen
    as608.o(.text) refers to strcat.o(.text) for strcat
    as608.o(.text) refers to atoi.o(.text) for atoi
    as608.o(.text) refers to main.o(.bss) for g_queue
    as608.o(.text) refers to as608.o(.bss) for .bss
    beep.o(.text) refers to stm32f4xx_rcc.o(.text) for RCC_AHB1PeriphClockCmd
    beep.o(.text) refers to stm32f4xx_gpio.o(.text) for GPIO_Init
    bluetooth.o(.rev16_text) refers (Special) to use_no_semi_2.o(.text) for __use_no_semihosting
    bluetooth.o(.revsh_text) refers (Special) to use_no_semi_2.o(.text) for __use_no_semihosting
    bluetooth.o(.text) refers (Special) to use_no_semi_2.o(.text) for __use_no_semihosting
    bluetooth.o(.text) refers to stm32f4xx_rcc.o(.text) for RCC_APB2PeriphClockCmd
    bluetooth.o(.text) refers to stm32f4xx_gpio.o(.text) for GPIO_Init
    bluetooth.o(.text) refers to stm32f4xx_usart.o(.text) for USART_Init
    bluetooth.o(.text) refers to misc.o(.text) for NVIC_Init
    bluetooth.o(.text) refers to bluetooth.o(.data) for .data
    bluetooth.o(.text) refers to bluetooth.o(.bss) for .bss
    bluetooth.o(.bss) refers (Special) to use_no_semi_2.o(.text) for __use_no_semihosting
    bluetooth.o(.data) refers (Special) to use_no_semi_2.o(.text) for __use_no_semihosting
    bluetooth.o(.data) refers (Special) to use_no_semi_2.o(.text) for __use_no_semihosting
    exti.o(.text) refers to stm32f4xx_rcc.o(.text) for RCC_APB2PeriphClockCmd
    exti.o(.text) refers to stm32f4xx_gpio.o(.text) for GPIO_Init
    exti.o(.text) refers to stm32f4xx_syscfg.o(.text) for SYSCFG_EXTILineConfig
[...]
    FLASH_Lock                               0x08005041   Thumb Code    14  stm32f4xx_flash.o(.text)
    FLASH_GetStatus                          0x0800504f   Thumb Code    58  stm32f4xx_flash.o(.text)
    FLASH_WaitForLastOperation               0x08005089   Thumb Code    30  stm32f4xx_flash.o(.text)
    FLASH_EraseSector                        0x080050a7   Thumb Code   106  stm32f4xx_flash.o(.text)
    FLASH_EraseAllSectors                    0x08005111   Thumb Code    88  stm32f4xx_flash.o(.text)
    FLASH_EraseAllBank1Sectors               0x08005169   Thumb Code    88  stm32f4xx_flash.o(.text)
    FLASH_EraseAllBank2Sectors               0x080051c1   Thumb Code    88  stm32f4xx_flash.o(.text)
    FLASH_ProgramDoubleWord                  0x08005219   Thumb Code    62  stm32f4xx_flash.o(.text)
    FLASH_ProgramWord                        0x08005257   Thumb Code    58  stm32f4xx_flash.o(.text)
    FLASH_ProgramHalfWord                    0x08005291   Thumb Code    58  stm32f4xx_flash.o(.text)
    FLASH_ProgramByte                        0x080052cb   Thumb Code    54  stm32f4xx_flash.o(.text)
    FLASH_OB_Unlock                          0x08005301   Thumb Code    24  stm32f4xx_flash.o(.text)
    FLASH_OB_Lock                            0x08005319   Thumb Code    14  stm32f4xx_flash.o(.text)
    FLASH_OB_WRPConfig                       0x08005327   Thumb Code    32  stm32f4xx_flash.o(.text)
    FLASH_OB_WRP1Config                      0x08005347   Thumb Code    32  stm32f4xx_flash.o(.text)
    FLASH_OB_PCROPSelectionConfig            0x08005367   Thumb Code    16  stm32f4xx_flash.o(.text)
    FLASH_OB_PCROPConfig                     0x08005377   Thumb Code    32  stm32f4xx_flash.o(.text)
    FLASH_OB_PCROP1Config                    0x08005397   Thumb Code    52  stm32f4xx_flash.o(.text)
    FLASH_OB_RDPConfig                       0x080053cb   Thumb Code    18  stm32f4xx_flash.o(.text)
    FLASH_OB_UserConfig                      0x080053dd   Thumb Code    36  stm32f4xx_flash.o(.text)
    FLASH_OB_BootConfig                      0x08005401   Thumb Code    20  stm32f4xx_flash.o(.text)
    FLASH_OB_BORConfig                       0x08005415   Thumb Code    20  stm32f4xx_flash.o(.text)
    FLASH_OB_Launch                          0x08005429   Thumb Code    14  stm32f4xx_flash.o(.text)
    FLASH_OB_GetUser                         0x08005437   Thumb Code    12  stm32f4xx_flash.o(.text)
    FLASH_OB_GetWRP                          0x08005443   Thumb Code     8  stm32f4xx_flash.o(.text)
    FLASH_OB_GetWRP1                         0x0800544b   Thumb Code     8  stm32f4xx_flash.o(.text)
    FLASH_OB_GetPCROP                        0x08005453   Thumb Code     8  stm32f4xx_flash.o(.text)
    FLASH_OB_GetPCROP1                       0x0800545b   Thumb Code     8  stm32f4xx_flash.o(.text)
    FLASH_OB_GetRDP                          0x08005463   Thumb Code    14  stm32f4xx_flash.o(.text)
    FLASH_OB_GetBOR                          0x08005471   Thumb Code    12  stm32f4xx_flash.o(.text)
    FLASH_ITConfig                           0x0800547d   Thumb Code    20  stm32f4xx_flash.o(.text)
    FLASH_GetFlagStatus                      0x08005491   Thumb Code    18  stm32f4xx_flash.o(.text)
    FLASH_ClearFlag                          0x080054a3   Thumb Code     8  stm32f4xx_flash.o(.text)
    EXTI_DeInit                              0x080054b1   Thumb Code    28  stm32f4xx_exti.o(.text)
    EXTI_Init                                0x080054cd   Thumb Code   108  stm32f4xx_exti.o(.text)
    EXTI_StructInit                          0x08005539   Thumb Code    14  stm32f4xx_exti.o(.text)
    EXTI_GenerateSWInterrupt                 0x08005547   Thumb Code    12  stm32f4xx_exti.o(.text)
    EXTI_GetFlagStatus                       0x08005553   Thumb Code    18  stm32f4xx_exti.o(.text)
    EXTI_ClearFlag                           0x08005565   Thumb Code     8  stm32f4xx_exti.o(.text)
    EXTI_GetITStatus                         0x0800556d   Thumb Code    18  stm32f4xx_exti.o(.text)
    EXTI_ClearITPendingBit                   0x0800557f   Thumb Code     8  stm32f4xx_exti.o(.text)
    SysTick_Handler                          0x08005591   Thumb Code    28  delay.o(.text)
    systick_init                             0x080055ad   Thumb Code    76  delay.o(.text)
    delay_us                                 0x080055f9   Thumb Code    62  delay.o(.text)
    delay_ms                                 0x08005637   Thumb Code    58  delay.o(.text)
    BSP_CPU_ClkFreq                          0x0800568d   Thumb Code    14  bsp.o(.text)
    CPU_TS_TmrInit                           0x0800569b   Thumb Code    38  bsp.o(.text)
    CPU_TS_TmrRd                             0x080056c1   Thumb Code     6  bsp.o(.text)
    CPU_TS32_to_uSec                         0x080056c7   Thumb Code    32  bsp.o(.text)
    CPU_NameClr                              0x080056f5   Thumb Code    26  cpu_core.o(.text)
    CPU_Init                                 0x0800570f   Thumb Code    18  cpu_core.o(.text)
    CPU_SW_Exception                         0x08005721   Thumb Code     2  cpu_core.o(.text)
    CPU_NameGet                              0x08005723   Thumb Code    46  cpu_core.o(.text)
    CPU_NameSet                              0x08005751   Thumb Code    62  cpu_core.o(.text)
    CPU_TS_Get32                             0x0800578f   Thumb Code     4  cpu_core.o(.text)
    CPU_TS_Update                            0x08005793   Thumb Code     2  cpu_core.o(.text)
    CPU_TS_TmrFreqGet                        0x08005795   Thumb Code    24  cpu_core.o(.text)
    CPU_TS_TmrFreqSet                        0x080057ad   Thumb Code     6  cpu_core.o(.text)
    CPU_CntLeadZeros08                       0x080057b3   Thumb Code    10  cpu_core.o(.text)
    CPU_CntLeadZeros16                       0x080057bd   Thumb Code    10  cpu_core.o(.text)
    CPU_CntLeadZeros32                       0x080057c7   Thumb Code     4  cpu_core.o(.text)
    CPU_CntLeadZeros64                       0x080057cb   Thumb Code   152  cpu_core.o(.text)
    CPU_CntTrailZeros08                      0x08005863   Thumb Code    10  cpu_core.o(.text)
    CPU_CntTrailZeros16                      0x0800586d   Thumb Code    10  cpu_core.o(.text)
    CPU_CntTrailZeros32                      0x08005877   Thumb Code    10  cpu_core.o(.text)
    CPU_CntTrailZeros64                      0x08005881   Thumb Code    36  cpu_core.o(.text)
    CPU_IntDis                               0x080058b1   Thumb Code     0  cpu_a.o(.text)
    CPU_IntEn                                0x080058b5   Thumb Code     0  cpu_a.o(.text)
    CPU_SR_Save                              0x080058b9   Thumb Code     0  cpu_a.o(.text)
    CPU_SR_Restore                           0x080058c1   Thumb Code     0  cpu_a.o(.text)
    CPU_WaitForInt                           0x080058c7   Thumb Code     0  cpu_a.o(.text)
    CPU_WaitForExcept                        0x080058cb   Thumb Code     0  cpu_a.o(.text)
    CPU_CntLeadZeros                         0x080058cf   Thumb Code     0  cpu_a.o(.text)
    CPU_CntTrailZeros                        0x080058d5   Thumb Code     0  cpu_a.o(.text)
    CPU_RevBits                              0x080058df   Thumb Code     0  cpu_a.o(.text)
    ASCII_IsAlpha                            0x080058e5   Thumb Code    22  lib_ascii.o(.text)
    ASCII_IsAlphaNum                         0x080058fb   Thumb Code    28  lib_ascii.o(.text)
    ASCII_IsLower                            0x08005917   Thumb Code    14  lib_ascii.o(.text)
    ASCII_IsUpper                            0x08005925   Thumb Code    14  lib_ascii.o(.text)
    ASCII_IsDig                              0x08005933   Thumb Code    14  lib_ascii.o(.text)
    ASCII_IsDigOct                           0x08005941   Thumb Code    14  lib_ascii.o(.text)
    ASCII_IsDigHex                           0x0800594f   Thumb Code    28  lib_ascii.o(.text)
    ASCII_IsBlank                            0x0800596b   Thumb Code    16  lib_ascii.o(.text)
    ASCII_IsSpace                            0x0800597b   Thumb Code    32  lib_ascii.o(.text)
    ASCII_IsPrint                            0x0800599b   Thumb Code    14  lib_ascii.o(.text)
    ASCII_IsGraph                            0x080059a9   Thumb Code    14  lib_ascii.o(.text)
    ASCII_IsPunct                            0x080059b7   Thumb Code    58  lib_ascii.o(.text)
    ASCII_IsCtrl                             0x080059f1   Thumb Code    22  lib_ascii.o(.text)
    ASCII_ToLower                            0x08005a07   Thumb Code    14  lib_ascii.o(.text)
    ASCII_ToUpper                            0x08005a15   Thumb Code    14  lib_ascii.o(.text)
    ASCII_Cmp                                0x08005a23   Thumb Code    28  lib_ascii.o(.text)
    Mem_Init                                 0x08005a41   Thumb Code    54  lib_mem.o(.text)
    Mem_Set                                  0x08005a77   Thumb Code    62  lib_mem.o(.text)
    Mem_Clr                                  0x08005ab5   Thumb Code     6  lib_mem.o(.text)
    Mem_Move                                 0x08005abb   Thumb Code   116  lib_mem.o(.text)
    Mem_Cmp                                  0x08005b2f   Thumb Code   126  lib_mem.o(.text)
    Mem_HeapAlloc                            0x08005c05   Thumb Code   114  lib_mem.o(.text)
    Mem_SegGetSizeRem                        0x08005c77   Thumb Code    60  lib_mem.o(.text)
    Mem_HeapGetSizeRem                       0x08005cb3   Thumb Code     8  lib_mem.o(.text)
    Mem_PoolClr                              0x08005cbb   Thumb Code    56  lib_mem.o(.text)
    Mem_PoolCreate                           0x08005cf3   Thumb Code   582  lib_mem.o(.text)
    Mem_PoolBlkGetNbrAvail                   0x08005f39   Thumb Code    26  lib_mem.o(.text)
    Mem_PoolBlkGet                           0x08005f53   Thumb Code    68  lib_mem.o(.text)
    Mem_PoolBlkGetUsedAtIx                   0x08005f97   Thumb Code    62  lib_mem.o(.text)
    Mem_PoolBlkFree                          0x08005fd5   Thumb Code   100  lib_mem.o(.text)
    Mem_PoolBlkIxGet                         0x08006039   Thumb Code   104  lib_mem.o(.text)
    Str_Len_N                                0x080060a9   Thumb Code    22  lib_str.o(.text)
    Str_Len                                  0x080060bf   Thumb Code     6  lib_str.o(.text)
    Str_Copy_N                               0x080060c5   Thumb Code    48  lib_str.o(.text)
    Str_Copy                                 0x080060f5   Thumb Code     6  lib_str.o(.text)
    Str_Cat_N                                0x080060fb   Thumb Code    58  lib_str.o(.text)
    Str_Cat                                  0x08006135   Thumb Code     6  lib_str.o(.text)
    Str_Cmp_N                                0x0800613b   Thumb Code    86  lib_str.o(.text)
    Str_Cmp                                  0x08006191   Thumb Code     6  lib_str.o(.text)
    Str_CmpIgnoreCase_N                      0x08006197   Thumb Code   146  lib_str.o(.text)
    Str_CmpIgnoreCase                        0x08006229   Thumb Code     6  lib_str.o(.text)
    Str_Char_N                               0x0800622f   Thumb Code    46  lib_str.o(.text)
    Str_Char                                 0x0800625d   Thumb Code     8  lib_str.o(.text)
    Str_Char_Last_N                          0x08006265   Thumb Code    44  lib_str.o(.text)
    Str_Char_Last                            0x08006291   Thumb Code     8  lib_str.o(.text)
    Str_Char_Replace_N                       0x08006299   Thumb Code    40  lib_str.o(.text)
    Str_Char_Replace                         0x080062c1   Thumb Code     6  lib_str.o(.text)
    Str_Str_N                                0x080062c7   Thumb Code   120  lib_str.o(.text)
    Str_Str                                  0x0800633f   Thumb Code     6  lib_str.o(.text)
    Str_FmtNbr_Int32U                        0x0800649d   Thumb Code    24  lib_str.o(.text)
    Str_FmtNbr_Int32S                        0x080064b5   Thumb Code    40  lib_str.o(.text)
    Str_ParseNbr_Int32U                      0x08006617   Thumb Code    12  lib_str.o(.text)
    Str_ParseNbr_Int32S                      0x08006623   Thumb Code    42  lib_str.o(.text)
    Mem_Copy                                 0x08006651   Thumb Code     0  lib_mem_a.o(.text)
    OSCfg_Init                               0x08006871   Thumb Code     2  os_cfg_app.o(.text)
    OS_IdleTask                              0x08006875   Thumb Code    22  os_core.o(.text)
    OS_IdleTaskInit                          0x0800688b   Thumb Code    62  os_core.o(.text)
    OS_RdyListInit                           0x080068c9   Thumb Code    30  os_core.o(.text)
    OSInit                                   0x080068e7   Thumb Code   260  os_core.o(.text)
    OSIntEnter                               0x080069eb   Thumb Code    22  os_core.o(.text)
    OSIntExit                                0x08006a01   Thumb Code   100  os_core.o(.text)
    OSSched                                  0x08006a65   Thumb Code    86  os_core.o(.text)
    OS_SchedLockTimeMeasStart                0x08006abb   Thumb Code    20  os_core.o(.text)
    OSSchedLock                              0x08006acf   Thumb Code    72  os_core.o(.text)
    OS_SchedLockTimeMeasStop                 0x08006b17   Thumb Code    42  os_core.o(.text)
    OSSchedUnlock                            0x08006b41   Thumb Code    92  os_core.o(.text)
    OSStart                                  0x08006b9d   Thumb Code    62  os_core.o(.text)
    OSVersion                                0x08006bdb   Thumb Code    10  os_core.o(.text)
    OS_PendDbgNameAdd                        0x08006be5   Thumb Code    46  os_core.o(.text)
    OS_PendListInsertPrio                    0x08006c13   Thumb Code   252  os_core.o(.text)
    OS_PendDataInit                          0x08006d0f   Thumb Code    48  os_core.o(.text)
    OS_RdyListRemove                         0x08006d3f   Thumb Code    78  os_core.o(.text)
    OS_TaskBlock                             0x08006d8d   Thumb Code    42  os_core.o(.text)
    OS_Pend                                  0x08006db7   Thumb Code    72  os_core.o(.text)
    OS_PendListRemove1                       0x08006dff   Thumb Code    54  os_core.o(.text)
    OS_PendListRemove                        0x08006e35   Thumb Code    38  os_core.o(.text)
    OS_PendAbort1                            0x08006e5b   Thumb Code    32  os_core.o(.text)
    OS_RdyListInsertHead                     0x08006e7b   Thumb Code    52  os_core.o(.text)
    OS_RdyListInsertTail                     0x08006eaf   Thumb Code    48  os_core.o(.text)
    OS_RdyListInsert                         0x08006edf   Thumb Code    38  os_core.o(.text)
    OS_TaskRdy                               0x08006f05   Thumb Code    26  os_core.o(.text)
    OS_PendAbort                             0x08006f1f   Thumb Code   136  os_core.o(.text)
    OS_PendDbgNameRemove                     0x08006fa7   Thumb Code    22  os_core.o(.text)
    OS_PendListChangePrio                    0x08006fbd   Thumb Code    50  os_core.o(.text)
    OS_PendListInit                          0x08006fef   Thumb Code    10  os_core.o(.text)
    OS_PendListInsertHead                    0x08006ff9   Thumb Code    32  os_core.o(.text)
    OS_PendObjDel1                           0x08007019   Thumb Code    32  os_core.o(.text)
    OS_PendObjDel                            0x08007039   Thumb Code   126  os_core.o(.text)
    OS_Post1                                 0x080070b7   Thumb Code    38  os_core.o(.text)
    OS_Post                                  0x080070dd   Thumb Code   170  os_core.o(.text)
    OS_RdyListMoveHeadToTail                 0x08007187   Thumb Code    52  os_core.o(.text)
    OS_Sched0                                0x080071bb   Thumb Code    50  os_core.o(.text)
    OS_Dbg_Init                              0x080071fd   Thumb Code     2  os_dbg.o(.text)
    OS_FlagDbgListAdd                        0x08007201   Thumb Code    26  os_flag.o(.text)
    OSFlagCreate                             0x0800721b   Thumb Code   104  os_flag.o(.text)
    OS_FlagClr                               0x08007283   Thumb Code    16  os_flag.o(.text)
    OS_FlagDbgListRemove                     0x08007293   Thumb Code    36  os_flag.o(.text)
    OSFlagDel                                0x080072b7   Thumb Code   344  os_flag.o(.text)
    OS_FlagBlock                             0x0800740f   Thumb Code    28  os_flag.o(.text)
    OSFlagPend                               0x0800742b   Thumb Code   584  os_flag.o(.text)
    OSFlagPendAbort                          0x08007673   Thumb Code   196  os_flag.o(.text)
    OSFlagPendGetFlagsRdy                    0x08007737   Thumb Code    44  os_flag.o(.text)
    OS_FlagTaskRdy                           0x08007763   Thumb Code    68  os_flag.o(.text)
    OS_FlagPost                              0x080077a7   Thumb Code   294  os_flag.o(.text)
    OSFlagPost                               0x080078cd   Thumb Code   114  os_flag.o(.text)
    OS_FlagInit                              0x0800793f   Thumb Code    14  os_flag.o(.text)
    OS_IntQPost                              0x08007969   Thumb Code   138  os_int.o(.text)
    OS_IntQRePost                            0x080079f3   Thumb Code   202  os_int.o(.text)
    OS_IntQTask                              0x08007abd   Thumb Code   106  os_int.o(.text)
    OS_IntQTaskInit                          0x08007b27   Thumb Code   194  os_int.o(.text)
    OS_MemDbgListAdd                         0x08007c79   Thumb Code    22  os_mem.o(.text)
    OSMemCreate                              0x08007c8f   Thumb Code   186  os_mem.o(.text)
    OSMemGet                                 0x08007d49   Thumb Code    60  os_mem.o(.text)
    OSMemPut                                 0x08007d85   Thumb Code    70  os_mem.o(.text)
    OS_MemInit                               0x08007dcb   Thumb Code    14  os_mem.o(.text)
    OS_MsgPoolCreate                         0x08007ded   Thumb Code    48  os_msg.o(.text)
    OS_MsgPoolInit                           0x08007e1d   Thumb Code    58  os_msg.o(.text)
    OS_MsgQFreeAll                           0x08007e57   Thumb Code    48  os_msg.o(.text)
    OS_MsgQInit                              0x08007e87   Thumb Code    14  os_msg.o(.text)
    OS_MsgQGet                               0x08007e95   Thumb Code    82  os_msg.o(.text)
    OS_MsgQPut                               0x08007ee7   Thumb Code   128  os_msg.o(.text)
    OS_MutexDbgListAdd                       0x08007f75   Thumb Code    26  os_mutex.o(.text)
    OSMutexCreate                            0x08007f8f   Thumb Code   112  os_mutex.o(.text)
    OS_MutexClr                              0x08007fff   Thumb Code    24  os_mutex.o(.text)
    OS_MutexDbgListRemove                    0x08008017   Thumb Code    36  os_mutex.o(.text)
    OSMutexDel                               0x0800803b   Thumb Code   470  os_mutex.o(.text)
    OSMutexPend                              0x08008211   Thumb Code   490  os_mutex.o(.text)
    OSMutexPendAbort                         0x080083fb   Thumb Code   196  os_mutex.o(.text)
    OSMutexPost                              0x080084bf   Thumb Code   364  os_mutex.o(.text)
    OS_MutexInit                             0x0800862b   Thumb Code    14  os_mutex.o(.text)
    OS_PrioInit                              0x08008659   Thumb Code    18  os_prio.o(.text)
    OS_PrioGetHighest                        0x0800866b   Thumb Code    32  os_prio.o(.text)
    OS_PrioInsert                            0x0800868b   Thumb Code    28  os_prio.o(.text)
    OS_PrioRemove                            0x080086a7   Thumb Code    28  os_prio.o(.text)
    OS_QDbgListAdd                           0x080086c9   Thumb Code    26  os_q.o(.text)
    OSQCreate                                0x080086e3   Thumb Code   118  os_q.o(.text)
    OS_QClr                                  0x08008759   Thumb Code    40  os_q.o(.text)
    OS_QDbgListRemove                        0x08008781   Thumb Code    36  os_q.o(.text)
    OSQDel                                   0x080087a5   Thumb Code   256  os_q.o(.text)
    OSQFlush                                 0x080088a5   Thumb Code   116  os_q.o(.text)
    OSQPend                                  0x08008919   Thumb Code   344  os_q.o(.text)
    OSQPendAbort                             0x08008a71   Thumb Code   236  os_q.o(.text)
    OS_QPost                                 0x08008b5d   Thumb Code   194  os_q.o(.text)
    OSQPost                                  0x08008c1f   Thumb Code   146  os_q.o(.text)
    OS_QInit                                 0x08008cb1   Thumb Code    14  os_q.o(.text)
    OS_SemDbgListAdd                         0x08008cd9   Thumb Code    26  os_sem.o(.text)
    OSSemCreate                              0x08008cf3   Thumb Code   104  os_sem.o(.text)
    OS_SemClr                                0x08008d5b   Thumb Code    22  os_sem.o(.text)
    OS_SemDbgListRemove                      0x08008d71   Thumb Code    36  os_sem.o(.text)
    OSSemDel                                 0x08008d95   Thumb Code   256  os_sem.o(.text)
    OSSemPend                                0x08008e95   Thumb Code   298  os_sem.o(.text)
    OSSemPendAbort                           0x08008fbf   Thumb Code   196  os_sem.o(.text)
    OS_SemPost                               0x08009083   Thumb Code   202  os_sem.o(.text)
    OSSemPost                                0x0800914d   Thumb Code   114  os_sem.o(.text)
    OSSemSet                                 0x080091bf   Thumb Code    78  os_sem.o(.text)
    OS_SemInit                               0x0800920d   Thumb Code    14  os_sem.o(.text)
    OSTaskChangePrio                         0x0800922d   Thumb Code   240  os_task.o(.text)
    OS_TaskDbgListAdd                        0x0800931d   Thumb Code    30  os_task.o(.text)
    OS_TaskInitTCB                           0x0800933b   Thumb Code   180  os_task.o(.text)
    OSTaskCreate                             0x080093ef   Thumb Code   384  os_task.o(.text)
    OS_TaskDbgListRemove                     0x0800956f   Thumb Code    50  os_task.o(.text)
    OSTaskDel                                0x080095a1   Thumb Code   308  os_task.o(.text)
    OSTaskQFlush                             0x080096d5   Thumb Code   106  os_task.o(.text)
    OSTaskQPend                              0x0800973f   Thumb Code   328  os_task.o(.text)
    OSTaskQPendAbort                         0x08009887   Thumb Code   140  os_task.o(.text)
    OS_TaskQPost                             0x08009913   Thumb Code   222  os_task.o(.text)
    OSTaskQPost                              0x080099f1   Thumb Code    96  os_task.o(.text)
    OSTaskRegGet                             0x08009a51   Thumb Code    68  os_task.o(.text)
    OSTaskRegGetID                           0x08009a95   Thumb Code    42  os_task.o(.text)
    OSTaskRegSet                             0x08009abf   Thumb Code    40  os_task.o(.text)
    OS_TaskResume                            0x08009ae7   Thumb Code   184  os_task.o(.text)
    OSTaskResume                             0x08009b9f   Thumb Code    78  os_task.o(.text)
    OSTaskSemPend                            0x08009bed   Thumb Code   300  os_task.o(.text)
    OSTaskSemPendAbort                       0x08009d19   Thumb Code   148  os_task.o(.text)
    OS_TaskSemPost                           0x08009dad   Thumb Code   284  os_task.o(.text)
    OSTaskSemPost                            0x08009ec9   Thumb Code    78  os_task.o(.text)
    OSTaskSemSet                             0x08009f17   Thumb Code    52  os_task.o(.text)
    OSTaskStkChk                             0x08009f4b   Thumb Code   136  os_task.o(.text)
    OS_TaskSuspend                           0x08009fd3   Thumb Code   158  os_task.o(.text)
    OSTaskSuspend                            0x0800a071   Thumb Code    64  os_task.o(.text)
    OS_TaskInit                              0x0800a0b1   Thumb Code    18  os_task.o(.text)
    OS_TaskReturn                            0x0800a0c3   Thumb Code    20  os_task.o(.text)
    OS_TickListRemove                        0x0800a101   Thumb Code    54  os_tick.o(.text)
    OS_TickListUpdate                        0x0800a137   Thumb Code   304  os_tick.o(.text)
    OS_TickTask                              0x0800a267   Thumb Code    36  os_tick.o(.text)
    OS_TickListInit                          0x0800a28b   Thumb Code    34  os_tick.o(.text)
    OS_TickTaskInit                          0x0800a2ad   Thumb Code   114  os_tick.o(.text)
    OS_TickListInsert                        0x0800a31f   Thumb Code   202  os_tick.o(.text)
    OS_TickListResetPeak                     0x0800a3e9   Thumb Code    30  os_tick.o(.text)
    OSTimeDly                                0x0800a451   Thumb Code   158  os_time.o(.text)
    OSTimeDlyHMSM                            0x0800a4ef   Thumb Code   308  os_time.o(.text)
    OSTimeDlyResume                          0x0800a623   Thumb Code   184  os_time.o(.text)
    OSTimeGet                                0x0800a6db   Thumb Code    24  os_time.o(.text)
    OSTimeSet                                0x0800a6f3   Thumb Code    24  os_time.o(.text)
    OSTimeTick                               0x0800a70b   Thumb Code    52  os_time.o(.text)
    OS_TmrDbgListAdd                         0x0800a761   Thumb Code    22  os_tmr.o(.text)
    OSTmrCreate                              0x0800a777   Thumb Code   168  os_tmr.o(.text)
    OS_TmrClr                                0x0800a81f   Thumb Code    34  os_tmr.o(.text)
    OS_TmrUnlink                             0x0800a841   Thumb Code    68  os_tmr.o(.text)
    OS_TmrDbgListRemove                      0x0800a885   Thumb Code    36  os_tmr.o(.text)
    OSTmrDel                                 0x0800a8a9   Thumb Code   134  os_tmr.o(.text)
    OSTmrRemainGet                           0x0800a92f   Thumb Code   140  os_tmr.o(.text)
    OS_TmrLink                               0x0800a9bb   Thumb Code   140  os_tmr.o(.text)
    OSTmrStart                               0x0800aa47   Thumb Code   122  os_tmr.o(.text)
    OSTmrStateGet                            0x0800aac1   Thumb Code    86  os_tmr.o(.text)
    OSTmrStop                                0x0800ab17   Thumb Code   226  os_tmr.o(.text)
    OS_TmrTask                               0x0800abf9   Thumb Code   164  os_tmr.o(.text)
    OS_TmrInit                               0x0800ac9d   Thumb Code   174  os_tmr.o(.text)
    OS_TmrResetPeak                          0x0800ad4b   Thumb Code    30  os_tmr.o(.text)
    OSIdleTaskHook                           0x0800adbd   Thumb Code    12  os_cpu_c.o(.text)
    OSInitHook                               0x0800adc9   Thumb Code    22  os_cpu_c.o(.text)
    OSStatTaskHook                           0x0800addf   Thumb Code    12  os_cpu_c.o(.text)
    OSTaskCreateHook                         0x0800adeb   Thumb Code    12  os_cpu_c.o(.text)
    OSTaskDelHook                            0x0800adf7   Thumb Code    12  os_cpu_c.o(.text)
    OSTaskReturnHook                         0x0800ae03   Thumb Code    12  os_cpu_c.o(.text)
    OSTaskStkInit                            0x0800ae0f   Thumb Code   310  os_cpu_c.o(.text)
    OSTaskSwHook                             0x0800af45   Thumb Code    72  os_cpu_c.o(.text)
    OSTimeTickHook                           0x0800af8d   Thumb Code    12  os_cpu_c.o(.text)
    OS_CPU_SysTickHandler                    0x0800af99   Thumb Code    30  os_cpu_c.o(.text)
    OS_CPU_SysTickInit                       0x0800afb7   Thumb Code    36  os_cpu_c.o(.text)
    __use_no_semihosting                     0x0800b01d   Thumb Code     2  use_no_semi_2.o(.text)
    __aeabi_uldivmod                         0x0800b01f   Thumb Code     0  lludivv7m.o(.text)
    _ll_udiv                                 0x0800b01f   Thumb Code   238  lludivv7m.o(.text)
    vsprintf                                 0x0800b10d   Thumb Code    32  vsprintf.o(.text)
    __2printf                                0x0800b131   Thumb Code    20  __2printf.o(.text)
    __2sprintf                               0x0800b149   Thumb Code    38  __2sprintf.o(.text)
    _printf_pre_padding                      0x0800b175   Thumb Code    44  _printf_pad.o(.text)
    _printf_post_padding                     0x0800b1a1   Thumb Code    34  _printf_pad.o(.text)
    _printf_int_dec                          0x0800b1c5   Thumb Code   104  _printf_dec.o(.text)
    _printf_longlong_hex                     0x0800b23d   Thumb Code    86  _printf_hex_int_ll_ptr.o(.text)
    _printf_int_hex                          0x0800b293   Thumb Code    28  _printf_hex_int_ll_ptr.o(.text)
    _printf_ll_hex                           0x0800b2af   Thumb Code    12  _printf_hex_int_ll_ptr.o(.text)
    _printf_hex_ptr                          0x0800b2bb   Thumb Code    18  _printf_hex_int_ll_ptr.o(.text)
    __printf                                 0x0800b2d1   Thumb Code   388  __printf_flags_ss_wp.o(.text)
    atoi                                     0x0800b459   Thumb Code    26  atoi.o(.text)
    strtok                                   0x0800b475   Thumb Code     6  strtok.o(.text)
    strstr                                   0x0800b481   Thumb Code    36  strstr.o(.text)
    strlen                                   0x0800b4a5   Thumb Code    62  strlen.o(.text)
    strcat                                   0x0800b4e3   Thumb Code    24  strcat.o(.text)
    __aeabi_memclr                           0x0800b4fb   Thumb Code     0  rt_memclr.o(.text)
    __rt_memclr                              0x0800b4fb   Thumb Code    68  rt_memclr.o(.text)
    _memset                                  0x0800b4ff   Thumb Code     0  rt_memclr.o(.text)
    strcmp                                   0x0800b541   Thumb Code   128  strcmpv7m.o(.text)
    __use_two_region_memory                  0x0800b5c1   Thumb Code     2  heapauxi.o(.text)
    __rt_heap_escrow$2region                 0x0800b5c3   Thumb Code     2  heapauxi.o(.text)
    __rt_heap_expand$2region                 0x0800b5c5   Thumb Code     2  heapauxi.o(.text)
    __I$use$semihosting                      0x0800b5c7   Thumb Code     0  use_no_semi.o(.text)
    __use_no_semihosting_swi                 0x0800b5c7   Thumb Code     2  use_no_semi.o(.text)
    __aeabi_errno_addr                       0x0800b5c9   Thumb Code     8  rt_errno_addr_intlibspace.o(.text)
    __errno$intlibspace                      0x0800b5c9   Thumb Code     0  rt_errno_addr_intlibspace.o(.text)
    __rt_errno_addr$intlibspace              0x0800b5c9   Thumb Code     0  rt_errno_addr_intlibspace.o(.text)
    _printf_truncate_signed                  0x0800b5d1   Thumb Code    18  _printf_truncate.o(.text)
    _printf_truncate_unsigned                0x0800b5e3   Thumb Code    18  _printf_truncate.o(.text)
    _printf_str                              0x0800b5f5   Thumb Code    82  _printf_str.o(.text)
    _printf_int_common                       0x0800b647   Thumb Code   178  _printf_intcommon.o(.text)
    _printf_charcount                        0x0800b6f9   Thumb Code    40  _printf_charcount.o(.text)
    _printf_char_common                      0x0800b72b   Thumb Code    32  _printf_char_common.o(.text)
    _sputc                                   0x0800b751   Thumb Code    10  _sputc.o(.text)
    _printf_char_file                        0x0800b75d   Thumb Code    32  _printf_char_file.o(.text)
    _printf_wctomb                           0x0800b781   Thumb Code   182  _printf_wctomb.o(.text)
    _printf_longlong_dec                     0x0800b83d   Thumb Code   108  _printf_longlong_dec.o(.text)
    _printf_longlong_oct                     0x0800b8b9   Thumb Code    68  _printf_oct_int_ll.o(.text)
    _printf_int_oct                          0x0800b8fd   Thumb Code    24  _printf_oct_int_ll.o(.text)
    _printf_ll_oct                           0x0800b915   Thumb Code    12  _printf_oct_int_ll.o(.text)
    strtol                                   0x0800b929   Thumb Code   112  strtol.o(.text)
    __strtok_internal                        0x0800b999   Thumb Code    64  strtok_int.o(.text)
    __aeabi_memclr4                          0x0800b9dd   Thumb Code     0  rt_memclr_w.o(.text)
    __aeabi_memclr8                          0x0800b9dd   Thumb Code     0  rt_memclr_w.o(.text)
    __rt_memclr_w                            0x0800b9dd   Thumb Code    78  rt_memclr_w.o(.text)
    _memset_w                                0x0800b9e1   Thumb Code     0  rt_memclr_w.o(.text)
    __user_libspace                          0x0800ba2d   Thumb Code     8  libspace.o(.text)
    __user_perproc_libspace                  0x0800ba2d   Thumb Code     0  libspace.o(.text)
    __user_perthread_libspace                0x0800ba2d   Thumb Code     0  libspace.o(.text)
    __rt_ctype_table                         0x0800ba35   Thumb Code    16  rt_ctype_table.o(.text)
    _ll_udiv10                               0x0800ba45   Thumb Code   138  lludiv10.o(.text)
    __lib_sel_fp_printf                      0x0800bacf   Thumb Code     2  _printf_fp_dec.o(.text)
    _printf_fp_dec_real                      0x0800bc7d   Thumb Code   620  _printf_fp_dec.o(.text)
    _printf_fp_hex_real                      0x0800bee9   Thumb Code   754  _printf_fp_hex.o(.text)
    _printf_cs_common                        0x0800c1e5   Thumb Code    20  _printf_char.o(.text)
    _printf_char                             0x0800c1f9   Thumb Code    16  _printf_char.o(.text)
    _printf_string                           0x0800c209   Thumb Code     8  _printf_char.o(.text)
    _printf_lcs_common                       0x0800c211   Thumb Code    20  _printf_wchar.o(.text)
    _printf_wchar                            0x0800c225   Thumb Code    16  _printf_wchar.o(.text)
    _printf_wstring                          0x0800c235   Thumb Code     8  _printf_wchar.o(.text)
    _strtoul                                 0x0800c23d   Thumb Code   158  _strtoul.o(.text)
    ferror                                   0x0800c2db   Thumb Code     8  ferror.o(.text)
    _wcrtomb                                 0x0800c2e3   Thumb Code    64  _wcrtomb.o(.text)
    strcspn                                  0x0800c323   Thumb Code    32  strcspn.o(.text)
    strspn                                   0x0800c343   Thumb Code    28  strspn.o(.text)
    __user_setup_stackheap                   0x0800c35f   Thumb Code    74  sys_stackheap_outer.o(.text)
    __rt_locale                              0x0800c3a9   Thumb Code     8  rt_locale_intlibspace.o(.text)
    _printf_fp_infnan                        0x0800c3b1   Thumb Code   112  _printf_fp_infnan.o(.text)
    _chval                                   0x0800c431   Thumb Code    28  _chval.o(.text)
    _btod_etento                             0x0800c44d   Thumb Code   216  bigflt0.o(.text)
    exit                                     0x0800c529   Thumb Code    12  exit.o(.text)
    _btod_d2e                                0x0800c535   Thumb Code    62  btod.o(CL$$btod_d2e)
    _d2e_denorm_low                          0x0800c573   Thumb Code    70  btod.o(CL$$btod_d2e_denorm_low)
    _d2e_norm_op1                            0x0800c5b9   Thumb Code    96  btod.o(CL$$btod_d2e_norm_op1)
    __btod_div_common                        0x0800c619   Thumb Code   696  btod.o(CL$$btod_div_common)
    _e2e                                     0x0800c951   Thumb Code   198  btod.o(CL$$btod_e2e)
    _btod_ediv                               0x0800ca17   Thumb Code    40  btod.o(CL$$btod_ediv)
    _btod_emul                               0x0800ca3f   Thumb Code    40  btod.o(CL$$btod_emul)
    __btod_mult_common                       0x0800ca67   Thumb Code   580  btod.o(CL$$btod_mult_common)
    OSStartHighRdy                           0x0800ccad   Thumb Code     0  os_cpu_a.o(CODE)
    OSCtxSw                                  0x0800cccf   Thumb Code     0  os_cpu_a.o(CODE)
    OSIntCtxSw                               0x0800ccd9   Thumb Code     0  os_cpu_a.o(CODE)
    PendSV_Handler                           0x0800cce3   Thumb Code     0  os_cpu_a.o(CODE)
    __ARM_fpclassify                         0x0800cd59   Thumb Code    48  fpclassify.o(i.__ARM_fpclassify)
    _is_digit                                0x0800cd89   Thumb Code    14  __printf_wp.o(i._is_digit)
    _get_lc_ctype                            0x0800cd99   Thumb Code    44  lc_ctype_c.o(locale$$code)
    _get_lc_numeric                          0x0800cdc5   Thumb Code    44  lc_numeric_c.o(locale$$code)
    _fp_init                                 0x0800cdf1   Thumb Code    10  fpinit.o(x$fpl$fpinit)
    __fplib_config_fpu_vfp                   0x0800cdf9   Thumb Code     0  fpinit.o(x$fpl$fpinit)
    __fplib_config_pureend_doubles           0x0800cdf9   Thumb Code     0  fpinit.o(x$fpl$fpinit)
    _printf_fp_dec                           0x0800cdfb   Thumb Code     4  printf1.o(x$fpl$printf1)
    _printf_fp_hex                           0x0800cdff   Thumb Code     4  printf2.o(x$fpl$printf2)
    F8X16                                    0x0800ce02   Data        1520  oled.o(.constdata)
    __I$use$fp                               0x0800ce02   Number         0  usenofp.o(x$fpl$usenofp)
    OSCfg_TickTaskPrio                       0x0800d588   Data           1  os_cfg_app.o(.constdata)
    OSCfg_TmrTaskPrio                        0x0800d589   Data           1  os_cfg_app.o(.constdata)
    OSCfg_IntQSize                           0x0800d58a   Data           2  os_cfg_app.o(.constdata)
    OSCfg_MsgPoolSize                        0x0800d58c   Data           2  os_cfg_app.o(.constdata)
    OSCfg_TickWheelSize                      0x0800d58e   Data           2  os_cfg_app.o(.constdata)
    OSCfg_TmrWheelSize                       0x0800d590   Data           2  os_cfg_app.o(.constdata)
    OSCfg_IdleTaskStkBasePtr                 0x0800d594   Data           4  os_cfg_app.o(.constdata)
    OSCfg_IdleTaskStkLimit                   0x0800d598   Data           4  os_cfg_app.o(.constdata)
    OSCfg_IdleTaskStkSize                    0x0800d59c   Data           4  os_cfg_app.o(.constdata)
    OSCfg_IdleTaskStkSizeRAM                 0x0800d5a0   Data           4  os_cfg_app.o(.constdata)
    OSCfg_IntQBasePtr                        0x0800d5a4   Data           4  os_cfg_app.o(.constdata)
    OSCfg_IntQSizeRAM                        0x0800d5a8   Data           4  os_cfg_app.o(.constdata)
    OSCfg_IntQTaskStkBasePtr                 0x0800d5ac   Data           4  os_cfg_app.o(.constdata)
    OSCfg_IntQTaskStkLimit                   0x0800d5b0   Data           4  os_cfg_app.o(.constdata)
    OSCfg_IntQTaskStkSize                    0x0800d5b4   Data           4  os_cfg_app.o(.constdata)
    OSCfg_IntQTaskStkSizeRAM                 0x0800d5b8   Data           4  os_cfg_app.o(.constdata)
    OSCfg_ISRStkBasePtr                      0x0800d5bc   Data           4  os_cfg_app.o(.constdata)
    OSCfg_ISRStkSize                         0x0800d5c0   Data           4  os_cfg_app.o(.constdata)
    OSCfg_ISRStkSizeRAM                      0x0800d5c4   Data           4  os_cfg_app.o(.constdata)
    OSCfg_MsgPoolSizeRAM                     0x0800d5c8   Data           4  os_cfg_app.o(.constdata)
    OSCfg_MsgPoolBasePtr                     0x0800d5cc   Data           4  os_cfg_app.o(.constdata)
    OSCfg_StkSizeMin                         0x0800d5d0   Data           4  os_cfg_app.o(.constdata)
    OSCfg_TickRate_Hz                        0x0800d5d4   Data           4  os_cfg_app.o(.constdata)
    OSCfg_TickTaskStkBasePtr                 0x0800d5d8   Data           4  os_cfg_app.o(.constdata)
    OSCfg_TickTaskStkLimit                   0x0800d5dc   Data           4  os_cfg_app.o(.constdata)
    OSCfg_TickTaskStkSize                    0x0800d5e0   Data           4  os_cfg_app.o(.constdata)
    OSCfg_TickTaskStkSizeRAM                 0x0800d5e4   Data           4  os_cfg_app.o(.constdata)
    OSCfg_TickWheelSizeRAM                   0x0800d5e8   Data           4  os_cfg_app.o(.constdata)
    OSCfg_TmrTaskRate_Hz                     0x0800d5ec   Data           4  os_cfg_app.o(.constdata)
    OSCfg_TmrTaskStkBasePtr                  0x0800d5f0   Data           4  os_cfg_app.o(.constdata)
    OSCfg_TmrTaskStkLimit                    0x0800d5f4   Data           4  os_cfg_app.o(.constdata)
    OSCfg_TmrTaskStkSize                     0x0800d5f8   Data           4  os_cfg_app.o(.constdata)
    OSCfg_TmrTaskStkSizeRAM                  0x0800d5fc   Data           4  os_cfg_app.o(.constdata)
    OSCfg_TmrWheelSizeRAM                    0x0800d600   Data           4  os_cfg_app.o(.constdata)
    OSCfg_DataSizeRAM                        0x0800d604   Data           4  os_cfg_app.o(.constdata)
    Region$$Table$$Base                      0x0800d708   Number         0  anon$$obj.o(Region$$Table)
    Region$$Table$$Limit                     0x0800d728   Number         0  anon$$obj.o(Region$$Table)
    __ctype                                  0x0800d735   Data           0  lc_ctype_c.o(locale$$data)
    SystemCoreClock                          0x2000000c   Data           4  system_stm32f4xx.o(.data)
    AHBPrescTable                            0x20000010   Data          16  system_stm32f4xx.o(.data)
    ValidN                                   0x20000020   Data           2  as608.o(.data)
    AS608Addr                                0x20000024   Data           4  as608.o(.data)
    __stdout                                 0x20000034   Data           4  bluetooth.o(.data)
    err                                      0x2000004c   Data           2  keyboard.o(.data)
    Hzk                                      0x2000004e   Data         768  oled.o(.data)
    USART2_RX_STA                            0x20000368   Data           2  usart2.o(.data)
    USART3_RX_STA                            0x2000036a   Data           2  mifare522.o(.data)
    readCmd                                  0x2000036c   Data           6  mifare522.o(.data)
    requestCmd                               0x20000372   Data           7  mifare522.o(.data)
    piccAnticollCmd                          0x20000379   Data           8  mifare522.o(.data)
    CPU_TS_TmrFreq_Hz                        0x20000398   Data           4  cpu_core.o(.data)
    Mem_PoolTbl                              0x2000039c   Data           4  lib_mem.o(.data)
    OSPrioTbl                                0x200003a0   Data           8  os_prio.o(.data)
    OS_AppTaskCreateHookPtr                  0x200003a8   Data           4  os_var.o(.data)
    OS_AppTaskDelHookPtr                     0x200003ac   Data           4  os_var.o(.data)
    OS_AppTaskReturnHookPtr                  0x200003b0   Data           4  os_var.o(.data)
    OS_AppIdleTaskHookPtr                    0x200003b4   Data           4  os_var.o(.data)
    OS_AppStatTaskHookPtr                    0x200003b8   Data           4  os_var.o(.data)
    OS_AppTaskSwHookPtr                      0x200003bc   Data           4  os_var.o(.data)
    OS_AppTimeTickHookPtr                    0x200003c0   Data           4  os_var.o(.data)
    OSIdleTaskCtr                            0x200003c4   Data           4  os_var.o(.data)
    OSIntNestingCtr                          0x200003c8   Data           1  os_var.o(.data)
    OSRunning                                0x200003c9   Data           1  os_var.o(.data)
    OSIntQInPtr                              0x200003cc   Data           4  os_var.o(.data)
    OSIntQOutPtr                             0x200003d0   Data           4  os_var.o(.data)
    OSIntQNbrEntries                         0x200003d4   Data           2  os_var.o(.data)
    OSIntQNbrEntriesMax                      0x200003d6   Data           2  os_var.o(.data)
    OSIntQOvfCtr                             0x200003d8   Data           2  os_var.o(.data)
    OSIntQTaskTimeMax                        0x200003dc   Data           4  os_var.o(.data)
    OSFlagDbgListPtr                         0x200003e0   Data           4  os_var.o(.data)
    OSFlagQty                                0x200003e4   Data           2  os_var.o(.data)
    OSMemDbgListPtr                          0x200003e8   Data           4  os_var.o(.data)
    OSMemQty                                 0x200003ec   Data           2  os_var.o(.data)
    OSMutexDbgListPtr                        0x200003f0   Data           4  os_var.o(.data)
    OSMutexQty                               0x200003f4   Data           2  os_var.o(.data)
    OSPrioCur                                0x200003f6   Data           1  os_var.o(.data)
    OSPrioHighRdy                            0x200003f7   Data           1  os_var.o(.data)
    OSPrioSaved                              0x200003f8   Data           1  os_var.o(.data)
    OSQDbgListPtr                            0x200003fc   Data           4  os_var.o(.data)
    OSQQty                                   0x20000400   Data           2  os_var.o(.data)
    OSSchedLockTimeBegin                     0x20000404   Data           4  os_var.o(.data)
    OSSchedLockTimeMax                       0x20000408   Data           4  os_var.o(.data)
    OSSchedLockTimeMaxCur                    0x2000040c   Data           4  os_var.o(.data)
    OSSchedLockNestingCtr                    0x20000410   Data           1  os_var.o(.data)
    OSSemDbgListPtr                          0x20000414   Data           4  os_var.o(.data)
    OSSemQty                                 0x20000418   Data           2  os_var.o(.data)
    OSTaskCtxSwCtr                           0x2000041c   Data           4  os_var.o(.data)
    OSTaskDbgListPtr                         0x20000420   Data           4  os_var.o(.data)
    OSTaskQty                                0x20000424   Data           2  os_var.o(.data)
    OSTaskRegNextAvailID                     0x20000426   Data           1  os_var.o(.data)
    OSTickCtr                                0x20000428   Data           4  os_var.o(.data)
    OSTickTaskTimeMax                        0x2000042c   Data           4  os_var.o(.data)
    OSTmrDbgListPtr                          0x20000430   Data           4  os_var.o(.data)
    OSTmrQty                                 0x20000434   Data           2  os_var.o(.data)
    OSTmrTaskTimeMax                         0x20000438   Data           4  os_var.o(.data)
    OSTmrTickCtr                             0x2000043c   Data           4  os_var.o(.data)
    OSTmrUpdateCnt                           0x20000440   Data           4  os_var.o(.data)
    OSTmrUpdateCtr                           0x20000444   Data           4  os_var.o(.data)
    OSTCBCurPtr                              0x20000448   Data           4  os_var.o(.data)
    OSTCBHighRdyPtr                          0x2000044c   Data           4  os_var.o(.data)
    OS_CPU_ExceptStkBase                     0x20000450   Data           4  os_cpu_c.o(.data)
    g_queue                                  0x20000478   Data          48  main.o(.bss)
    g_mutex                                  0x200004a8   Data          44  main.o(.bss)
    g_flag_grp                               0x200004d4   Data          40  main.o(.bss)
    g_sem                                    0x200004fc   Data          40  main.o(.bss)
    TaskInit_TCB                             0x20000524   Data         196  main.o(.bss)
    TaskInit_stk                             0x200005e8   Data         512  main.o(.bss)
    Task1_TCB                                0x200007e8   Data         196  main.o(.bss)
    task1_stk                                0x200008ac   Data         512  main.o(.bss)
    Task2_TCB                                0x20000aac   Data         196  main.o(.bss)
    task2_stk                                0x20000b70   Data         512  main.o(.bss)
    Task3_TCB                                0x20000d70   Data         196  main.o(.bss)
    task3_stk                                0x20000e34   Data         512  main.o(.bss)
    Task4_TCB                                0x20001034   Data         196  main.o(.bss)
    task4_stk                                0x200010f8   Data         512  main.o(.bss)
    AS608Para                                0x200012f8   Data          12  as608.o(.bss)
    USART2_TX_BUF                            0x20001340   Data         400  usart2.o(.bss)
    USART2_RX_BUF                            0x200014d0   Data         400  usart2.o(.bss)
    USART3_RX_BUF                            0x20001660   Data         200  mifare522.o(.bss)
    CPU_Name                                 0x20001728   Data          16  cpu_core.o(.bss)
    Mem_PoolHeap                             0x20001738   Data          72  lib_mem.o(.bss)
    Mem_Heap                                 0x20001780   Data        1024  lib_mem.o(.bss)
    OSCfg_IdleTaskStk                        0x20001b80   Data         512  os_cfg_app.o(.bss)
    OSCfg_IntQ                               0x20001d80   Data         320  os_cfg_app.o(.bss)
    OSCfg_IntQTaskStk                        0x20001ec0   Data         512  os_cfg_app.o(.bss)
    OSCfg_ISRStk                             0x200020c0   Data         512  os_cfg_app.o(.bss)
    OSCfg_MsgPool                            0x200022c0   Data        1600  os_cfg_app.o(.bss)
    OSCfg_TickTaskStk                        0x20002900   Data         512  os_cfg_app.o(.bss)
    OSCfg_TickWheel                          0x20002b00   Data         136  os_cfg_app.o(.bss)
    OSCfg_TmrTaskStk                         0x20002b88   Data         512  os_cfg_app.o(.bss)
    OSCfg_TmrWheel                           0x20002d88   Data         136  os_cfg_app.o(.bss)
    OSIdleTaskTCB                            0x20002e10   Data         196  os_var.o(.bss)
    OSIntQTaskTCB                            0x20002ed4   Data         196  os_var.o(.bss)
    OSMsgPool                                0x20002f98   Data          12  os_var.o(.bss)
    OSRdyList                                0x20002fa4   Data         768  os_var.o(.bss)
    OSTickTaskTCB                            0x200032a4   Data         196  os_var.o(.bss)
    OSTmrTaskTCB                             0x20003368   Data         196  os_var.o(.bss)
    __libspace_start                         0x2000342c   Data          96  libspace.o(.bss)
    __temporary_stack_top$libspace           0x2000348c   Data           0  libspace.o(.bss)



==============================================================================

Memory Map of the image

  Image Entry point : 0x08000189

  Load Region LR_IROM1 (Base: 0x08000000, Size: 0x0000dcac, Max: 0x00100000, ABSOLUTE, COMPRESSED[0x0000d9b8])

    Execution Region ER_IROM1 (Base: 0x08000000, Size: 0x0000d854, Max: 0x00100000, ABSOLUTE)

    Base Addr    Size         Type   Attr      Idx    E Section Name        Object

    0x08000000   0x00000188   Data   RO          752    RESET               startup_stm32f40_41xxx.o
    0x08000188   0x00000008   Code   RO         1593  * !!!main             c_w.l(__main.o)
    0x08000190   0x00000034   Code   RO         1896    !!!scatter          c_w.l(__scatter.o)
    0x080001c4   0x0000005a   Code   RO         1894    !!dczerorl2         c_w.l(__dczerorl2.o)
    0x0800021e   0x00000002   PAD
    0x08000220   0x0000001c   Code   RO         1898    !!handler_zi        c_w.l(__scatter_zi.o)
    0x0800023c   0x00000000   Code   RO         1575    .ARM.Collect$$_printf_percent$$00000000  c_w.l(_printf_percent.o)
    0x0800023c   0x00000006   Code   RO         1634    .ARM.Collect$$_printf_percent$$00000001  c_w.l(_printf_n.o)
    0x08000242   0x00000006   Code   RO         1635    .ARM.Collect$$_printf_percent$$00000002  c_w.l(_printf_p.o)
    0x08000248   0x00000006   Code   RO         1639    .ARM.Collect$$_printf_percent$$00000003  c_w.l(_printf_f.o)
    0x0800024e   0x00000006   Code   RO         1640    .ARM.Collect$$_printf_percent$$00000004  c_w.l(_printf_e.o)
    0x08000254   0x00000006   Code   RO         1641    .ARM.Collect$$_printf_percent$$00000005  c_w.l(_printf_g.o)
    0x0800025a   0x00000006   Code   RO         1642    .ARM.Collect$$_printf_percent$$00000006  c_w.l(_printf_a.o)
    0x08000260   0x0000000a   Code   RO         1647    .ARM.Collect$$_printf_percent$$00000007  c_w.l(_printf_ll.o)
    0x0800026a   0x00000006   Code   RO         1637    .ARM.Collect$$_printf_percent$$00000008  c_w.l(_printf_i.o)
    0x08000270   0x00000006   Code   RO         1574    .ARM.Collect$$_printf_percent$$00000009  c_w.l(_printf_d.o)
    0x08000276   0x00000006   Code   RO         1638    .ARM.Collect$$_printf_percent$$0000000A  c_w.l(_printf_u.o)
    0x0800027c   0x00000006   Code   RO         1636    .ARM.Collect$$_printf_percent$$0000000B  c_w.l(_printf_o.o)
    0x08000282   0x00000006   Code   RO         1573    .ARM.Collect$$_printf_percent$$0000000C  c_w.l(_printf_x.o)
    0x08000288   0x00000006   Code   RO         1644    .ARM.Collect$$_printf_percent$$0000000D  c_w.l(_printf_lli.o)
    0x0800028e   0x00000006   Code   RO         1645    .ARM.Collect$$_printf_percent$$0000000E  c_w.l(_printf_lld.o)
    0x08000294   0x00000006   Code   RO         1646    .ARM.Collect$$_printf_percent$$0000000F  c_w.l(_printf_llu.o)
    0x0800029a   0x00000006   Code   RO         1651    .ARM.Collect$$_printf_percent$$00000010  c_w.l(_printf_llo.o)
    0x080002a0   0x00000006   Code   RO         1652    .ARM.Collect$$_printf_percent$$00000011  c_w.l(_printf_llx.o)
    0x080002a6   0x0000000a   Code   RO         1648    .ARM.Collect$$_printf_percent$$00000012  c_w.l(_printf_l.o)
    0x080002b0   0x00000006   Code   RO         1632    .ARM.Collect$$_printf_percent$$00000013  c_w.l(_printf_c.o)
    0x080002b6   0x00000006   Code   RO         1633    .ARM.Collect$$_printf_percent$$00000014  c_w.l(_printf_s.o)
    0x080002bc   0x00000006   Code   RO         1649    .ARM.Collect$$_printf_percent$$00000015  c_w.l(_printf_lc.o)
    0x080002c2   0x00000006   Code   RO         1650    .ARM.Collect$$_printf_percent$$00000016  c_w.l(_printf_ls.o)
    0x080002c8   0x00000004   Code   RO         1643    .ARM.Collect$$_printf_percent$$00000017  c_w.l(_printf_percent_end.o)
    0x080002cc   0x00000002   Code   RO         1767    .ARM.Collect$$libinit$$00000000  c_w.l(libinit.o)
    0x080002ce   0x00000004   Code   RO         1781    .ARM.Collect$$libinit$$00000001  c_w.l(libinit2.o)
    0x080002d2   0x00000000   Code   RO         1784    .ARM.Collect$$libinit$$00000004  c_w.l(libinit2.o)
    0x080002d2   0x00000000   Code   RO         1787    .ARM.Collect$$libinit$$0000000A  c_w.l(libinit2.o)
    0x080002d2   0x00000000   Code   RO         1789    .ARM.Collect$$libinit$$0000000C  c_w.l(libinit2.o)
    0x080002d2   0x00000000   Code   RO         1791    .ARM.Collect$$libinit$$0000000E  c_w.l(libinit2.o)
    0x080002d2   0x00000006   Code   RO         1792    .ARM.Collect$$libinit$$0000000F  c_w.l(libinit2.o)
    0x080002d8   0x00000000   Code   RO         1794    .ARM.Collect$$libinit$$00000011  c_w.l(libinit2.o)
    0x080002d8   0x0000000c   Code   RO         1795    .ARM.Collect$$libinit$$00000012  c_w.l(libinit2.o)
    0x080002e4   0x00000000   Code   RO         1796    .ARM.Collect$$libinit$$00000013  c_w.l(libinit2.o)
    0x080002e4   0x00000000   Code   RO         1798    .ARM.Collect$$libinit$$00000015  c_w.l(libinit2.o)
    0x080002e4   0x0000000a   Code   RO         1799    .ARM.Collect$$libinit$$00000016  c_w.l(libinit2.o)
    0x080002ee   0x00000000   Code   RO         1800    .ARM.Collect$$libinit$$00000017  c_w.l(libinit2.o)
    0x080002ee   0x00000000   Code   RO         1802    .ARM.Collect$$libinit$$00000019  c_w.l(libinit2.o)
    0x080002ee   0x00000000   Code   RO         1804    .ARM.Collect$$libinit$$0000001B  c_w.l(libinit2.o)
    0x080002ee   0x00000000   Code   RO         1806    .ARM.Collect$$libinit$$0000001D  c_w.l(libinit2.o)
    0x080002ee   0x00000000   Code   RO         1808    .ARM.Collect$$libinit$$0000001F  c_w.l(libinit2.o)
    0x080002ee   0x00000000   Code   RO         1810    .ARM.Collect$$libinit$$00000021  c_w.l(libinit2.o)
    0x080002ee   0x00000000   Code   RO         1812    .ARM.Collect$$libinit$$00000023  c_w.l(libinit2.o)
    0x080002ee   0x00000000   Code   RO         1814    .ARM.Collect$$libinit$$00000025  c_w.l(libinit2.o)
    0x080002ee   0x00000000   Code   RO         1818    .ARM.Collect$$libinit$$0000002C  c_w.l(libinit2.o)
    0x080002ee   0x00000000   Code   RO         1820    .ARM.Collect$$libinit$$0000002E  c_w.l(libinit2.o)
    0x080002ee   0x00000000   Code   RO         1822    .ARM.Collect$$libinit$$00000030  c_w.l(libinit2.o)
    0x080002ee   0x00000000   Code   RO         1824    .ARM.Collect$$libinit$$00000032  c_w.l(libinit2.o)
    0x080002ee   0x00000002   Code   RO         1825    .ARM.Collect$$libinit$$00000033  c_w.l(libinit2.o)
    0x080002f0   0x00000002   Code   RO         1851    .ARM.Collect$$libshutdown$$00000000  c_w.l(libshutdown.o)
    0x080002f2   0x00000000   Code   RO         1879    .ARM.Collect$$libshutdown$$00000003  c_w.l(libshutdown2.o)
    0x080002f2   0x00000000   Code   RO         1882    .ARM.Collect$$libshutdown$$00000006  c_w.l(libshutdown2.o)
    0x080002f2   0x00000000   Code   RO         1885    .ARM.Collect$$libshutdown$$00000009  c_w.l(libshutdown2.o)
    0x080002f2   0x00000000   Code   RO         1887    .ARM.Collect$$libshutdown$$0000000B  c_w.l(libshutdown2.o)
    0x080002f2   0x00000000   Code   RO         1890    .ARM.Collect$$libshutdown$$0000000E  c_w.l(libshutdown2.o)
    0x080002f2   0x00000002   Code   RO         1891    .ARM.Collect$$libshutdown$$0000000F  c_w.l(libshutdown2.o)
    0x080002f4   0x00000000   Code   RO         1597    .ARM.Collect$$rtentry$$00000000  c_w.l(__rtentry.o)
    0x080002f4   0x00000000   Code   RO         1671    .ARM.Collect$$rtentry$$00000002  c_w.l(__rtentry2.o)
    0x080002f4   0x00000006   Code   RO         1683    .ARM.Collect$$rtentry$$00000004  c_w.l(__rtentry4.o)
    0x080002fa   0x00000000   Code   RO         1673    .ARM.Collect$$rtentry$$00000009  c_w.l(__rtentry2.o)
    0x080002fa   0x00000004   Code   RO         1674    .ARM.Collect$$rtentry$$0000000A  c_w.l(__rtentry2.o)
    0x080002fe   0x00000000   Code   RO         1676    .ARM.Collect$$rtentry$$0000000C  c_w.l(__rtentry2.o)
    0x080002fe   0x00000008   Code   RO         1677    .ARM.Collect$$rtentry$$0000000D  c_w.l(__rtentry2.o)
    0x08000306   0x00000002   Code   RO         1773    .ARM.Collect$$rtexit$$00000000  c_w.l(rtexit.o)
    0x08000308   0x00000000   Code   RO         1827    .ARM.Collect$$rtexit$$00000002  c_w.l(rtexit2.o)
    0x08000308   0x00000004   Code   RO         1828    .ARM.Collect$$rtexit$$00000003  c_w.l(rtexit2.o)
    0x0800030c   0x00000006   Code   RO         1829    .ARM.Collect$$rtexit$$00000004  c_w.l(rtexit2.o)
    0x08000312   0x00000002   PAD
    0x08000314   0x0000080c   Code   RO            3    .text               main.o
    0x08000b20   0x0000000e   Code   RO          267    .text               stm32f4xx_it.o
    0x08000b2e   0x00000002   PAD
    0x08000b30   0x0000017c   Code   RO          316    .text               system_stm32f4xx.o
    0x08000cac   0x00000074   Code   RO          342    .text               led.o
    0x08000d20   0x00000c48   Code   RO          362    .text               as608.o
    0x08001968   0x00000034   Code   RO          401    .text               beep.o
    0x0800199c   0x000000d8   Code   RO          421    .text               bluetooth.o
    0x08001a74   0x00000064   Code   RO          453    .text               exti.o
    0x08001ad8   0x000000c4   Code   RO          478    .text               flash.o
    0x08001b9c   0x000003f8   Code   RO          502    .text               keyboard.o
    0x08001f94   0x000003dc   Code   RO          536    .text               oled.o
    0x08002370   0x000000f0   Code   RO          565    .text               password.o
    0x08002460   0x00000118   Code   RO          589    .text               root.o
    0x08002578   0x00000214   Code   RO          613    .text               rtc.o
    0x0800278c   0x00000294   Code   RO          640    .text               timer.o
    0x08002a20   0x00000170   Code   RO          667    .text               usart2.o
    0x08002b90   0x0000031c   Code   RO          704    .text               mifare522.o
    0x08002eac   0x0000007c   Code   RO          732    .text               lock.o
    0x08002f28   0x00000040   Code   RO          753    .text               startup_stm32f40_41xxx.o
    0x08002f68   0x000000b0   Code   RO          759    .text               misc.o
    0x08003018   0x0000020c   Code   RO          779    .text               stm32f4xx_gpio.o
    0x08003224   0x00000480   Code   RO          799    .text               stm32f4xx_rcc.o
    0x080036a4   0x0000007c   Code   RO          821    .text               stm32f4xx_syscfg.o
    0x08003720   0x00000358   Code   RO          841    .text               stm32f4xx_usart.o
    0x08003a78   0x000009dc   Code   RO          884    .text               stm32f4xx_tim.o
    0x08004454   0x00000a4c   Code   RO          905    .text               stm32f4xx_rtc.o
    0x08004ea0   0x00000128   Code   RO          926    .text               stm32f4xx_pwr.o
    0x08004fc8   0x000004e8   Code   RO          946    .text               stm32f4xx_flash.o
    0x080054b0   0x000000e0   Code   RO          967    .text               stm32f4xx_exti.o
    0x08005590   0x000000fc   Code   RO          987    .text               delay.o
    0x0800568c   0x00000068   Code   RO         1027    .text               bsp.o
    0x080056f4   0x000001bc   Code   RO         1061    .text               cpu_core.o
    0x080058b0   0x00000034   Code   RO         1089    .text               cpu_a.o
    0x080058e4   0x0000015a   Code   RO         1092    .text               lib_ascii.o
    0x08005a3e   0x00000002   PAD
    0x08005a40   0x00000668   Code   RO         1127    .text               lib_mem.o
    0x080060a8   0x000005a8   Code   RO         1146    .text               lib_str.o
    0x08006650   0x00000220   Code   RO         1164    .text               lib_mem_a.o
    0x08006870   0x00000002   Code   RO         1167    .text               os_cfg_app.o
    0x08006872   0x00000002   PAD
    0x08006874   0x00000988   Code   RO         1204    .text               os_core.o
    0x080071fc   0x00000002   Code   RO         1217    .text               os_dbg.o
    0x080071fe   0x00000002   PAD
    0x08007200   0x00000768   Code   RO         1233    .text               os_flag.o
    0x08007968   0x00000310   Code   RO         1246    .text               os_int.o
    0x08007c78   0x00000174   Code   RO         1258    .text               os_mem.o
    0x08007dec   0x00000188   Code   RO         1270    .text               os_msg.o
    0x08007f74   0x000006e4   Code   RO         1282    .text               os_mutex.o
    0x08008658   0x00000070   Code   RO         1301    .text               os_prio.o
    0x080086c8   0x00000610   Code   RO         1320    .text               os_q.o
    0x08008cd8   0x00000554   Code   RO         1333    .text               os_sem.o
    0x0800922c   0x00000ed4   Code   RO         1352    .text               os_task.o
    0x0800a100   0x00000350   Code   RO         1364    .text               os_tick.o
    0x0800a450   0x00000310   Code   RO         1377    .text               os_time.o
    0x0800a760   0x0000065c   Code   RO         1389    .text               os_tmr.o
    0x0800adbc   0x00000260   Code   RO         1468    .text               os_cpu_c.o
    0x0800b01c   0x00000002   Code   RO         1512    .text               c_w.l(use_no_semi_2.o)
    0x0800b01e   0x000000ee   Code   RO         1514    .text               c_w.l(lludivv7m.o)
    0x0800b10c   0x00000024   Code   RO         1516    .text               c_w.l(vsprintf.o)
    0x0800b130   0x00000018   Code   RO         1518    .text               c_w.l(__2printf.o)
    0x0800b148   0x0000002c   Code   RO         1520    .text               c_w.l(__2sprintf.o)
    0x0800b174   0x0000004e   Code   RO         1528    .text               c_w.l(_printf_pad.o)
    0x0800b1c2   0x00000002   PAD
    0x0800b1c4   0x00000078   Code   RO         1530    .text               c_w.l(_printf_dec.o)
    0x0800b23c   0x00000094   Code   RO         1550    .text               c_w.l(_printf_hex_int_ll_ptr.o)
    0x0800b2d0   0x00000188   Code   RO         1570    .text               c_w.l(__printf_flags_ss_wp.o)
    0x0800b458   0x0000001a   Code   RO         1576    .text               c_w.l(atoi.o)
    0x0800b472   0x00000002   PAD
    0x0800b474   0x0000000c   Code   RO         1578    .text               c_w.l(strtok.o)
    0x0800b480   0x00000024   Code   RO         1581    .text               c_w.l(strstr.o)
    0x0800b4a4   0x0000003e   Code   RO         1583    .text               c_w.l(strlen.o)
    0x0800b4e2   0x00000018   Code   RO         1585    .text               c_w.l(strcat.o)
    0x0800b4fa   0x00000044   Code   RO         1587    .text               c_w.l(rt_memclr.o)
    0x0800b53e   0x00000002   PAD
    0x0800b540   0x00000080   Code   RO         1589    .text               c_w.l(strcmpv7m.o)
    0x0800b5c0   0x00000006   Code   RO         1591    .text               c_w.l(heapauxi.o)
    0x0800b5c6   0x00000002   Code   RO         1595    .text               c_w.l(use_no_semi.o)
    0x0800b5c8   0x00000008   Code   RO         1605    .text               c_w.l(rt_errno_addr_intlibspace.o)
    0x0800b5d0   0x00000024   Code   RO         1607    .text               c_w.l(_printf_truncate.o)
    0x0800b5f4   0x00000052   Code   RO         1609    .text               c_w.l(_printf_str.o)
    0x0800b646   0x000000b2   Code   RO         1611    .text               c_w.l(_printf_intcommon.o)
    0x0800b6f8   0x00000028   Code   RO         1613    .text               c_w.l(_printf_charcount.o)
    0x0800b720   0x00000030   Code   RO         1615    .text               c_w.l(_printf_char_common.o)
    0x0800b750   0x0000000a   Code   RO         1617    .text               c_w.l(_sputc.o)
    0x0800b75a   0x00000002   PAD
    0x0800b75c   0x00000024   Code   RO         1619    .text               c_w.l(_printf_char_file.o)
    0x0800b780   0x000000bc   Code   RO         1621    .text               c_w.l(_printf_wctomb.o)
    0x0800b83c   0x0000007c   Code   RO         1624    .text               c_w.l(_printf_longlong_dec.o)
    0x0800b8b8   0x00000070   Code   RO         1630    .text               c_w.l(_printf_oct_int_ll.o)
    0x0800b928   0x00000070   Code   RO         1653    .text               c_w.l(strtol.o)
    0x0800b998   0x00000044   Code   RO         1655    .text               c_w.l(strtok_int.o)
    0x0800b9dc   0x0000004e   Code   RO         1657    .text               c_w.l(rt_memclr_w.o)
    0x0800ba2a   0x00000002   PAD
    0x0800ba2c   0x00000008   Code   RO         1667    .text               c_w.l(libspace.o)
    0x0800ba34   0x00000010   Code   RO         1685    .text               c_w.l(rt_ctype_table.o)
    0x0800ba44   0x0000008a   Code   RO         1689    .text               c_w.l(lludiv10.o)
    0x0800bace   0x0000041a   Code   RO         1691    .text               c_w.l(_printf_fp_dec.o)
    0x0800bee8   0x000002fc   Code   RO         1693    .text               c_w.l(_printf_fp_hex.o)
    0x0800c1e4   0x0000002c   Code   RO         1698    .text               c_w.l(_printf_char.o)
    0x0800c210   0x0000002c   Code   RO         1700    .text               c_w.l(_printf_wchar.o)
    0x0800c23c   0x0000009e   Code   RO         1702    .text               c_w.l(_strtoul.o)
    0x0800c2da   0x00000008   Code   RO         1704    .text               c_w.l(ferror.o)
    0x0800c2e2   0x00000040   Code   RO         1708    .text               c_w.l(_wcrtomb.o)
    0x0800c322   0x00000020   Code   RO         1710    .text               c_w.l(strcspn.o)
    0x0800c342   0x0000001c   Code   RO         1712    .text               c_w.l(strspn.o)
    0x0800c35e   0x0000004a   Code   RO         1714    .text               c_w.l(sys_stackheap_outer.o)
    0x0800c3a8   0x00000008   Code   RO         1719    .text               c_w.l(rt_locale_intlibspace.o)
    0x0800c3b0   0x00000080   Code   RO         1721    .text               c_w.l(_printf_fp_infnan.o)
    0x0800c430   0x0000001c   Code   RO         1723    .text               c_w.l(_chval.o)
    0x0800c44c   0x000000dc   Code   RO         1725    .text               c_w.l(bigflt0.o)
    0x0800c528   0x0000000c   Code   RO         1756    .text               c_w.l(exit.o)
    0x0800c534   0x0000003e   Code   RO         1728    CL$$btod_d2e        c_w.l(btod.o)
    0x0800c572   0x00000046   Code   RO         1730    CL$$btod_d2e_denorm_low  c_w.l(btod.o)
    0x0800c5b8   0x00000060   Code   RO         1729    CL$$btod_d2e_norm_op1  c_w.l(btod.o)
    0x0800c618   0x00000338   Code   RO         1738    CL$$btod_div_common  c_w.l(btod.o)
    0x0800c950   0x000000c6   Code   RO         1735    CL$$btod_e2e        c_w.l(btod.o)
    0x0800ca16   0x00000028   Code   RO         1732    CL$$btod_ediv       c_w.l(btod.o)
    0x0800ca3e   0x00000028   Code   RO         1731    CL$$btod_emul       c_w.l(btod.o)
    0x0800ca66   0x00000244   Code   RO         1737    CL$$btod_mult_common  c_w.l(btod.o)
    0x0800ccaa   0x00000002   PAD
    0x0800ccac   0x000000ac   Code   RO         1492    CODE                os_cpu_a.o
    0x0800cd58   0x00000030   Code   RO         1771    i.__ARM_fpclassify  m_wm.l(fpclassify.o)
    0x0800cd88   0x0000000e   Code   RO         1563    i._is_digit         c_w.l(__printf_wp.o)
    0x0800cd96   0x00000002   PAD
    0x0800cd98   0x0000002c   Code   RO         1751    locale$$code        c_w.l(lc_ctype_c.o)
    0x0800cdc4   0x0000002c   Code   RO         1754    locale$$code        c_w.l(lc_numeric_c.o)
    0x0800cdf0   0x0000000a   Code   RO         1839    x$fpl$fpinit        fz_wm.l(fpinit.o)
    0x0800cdfa   0x00000004   Code   RO         1659    x$fpl$printf1       fz_wm.l(printf1.o)
    0x0800cdfe   0x00000004   Code   RO         1661    x$fpl$printf2       fz_wm.l(printf2.o)
    0x0800ce02   0x00000000   Code   RO         1770    x$fpl$usenofp       fz_wm.l(usenofp.o)
    0x0800ce02   0x000005f0   Data   RO          538    .constdata          oled.o
    0x0800d3f2   0x00000100   Data   RO         1063    .constdata          cpu_core.o
    0x0800d4f2   0x00000002   PAD
    0x0800d4f4   0x00000094   Data   RO         1147    .constdata          lib_str.o
    0x0800d588   0x00000080   Data   RO         1177    .constdata          os_cfg_app.o
    0x0800d608   0x00000028   Data   RO         1551    .constdata          c_w.l(_printf_hex_int_ll_ptr.o)
    0x0800d630   0x00000011   Data   RO         1571    .constdata          c_w.l(__printf_flags_ss_wp.o)
    0x0800d641   0x00000003   PAD
    0x0800d644   0x00000008   Data   RO         1622    .constdata          c_w.l(_printf_wctomb.o)
    0x0800d64c   0x00000026   Data   RO         1694    .constdata          c_w.l(_printf_fp_hex.o)
    0x0800d672   0x00000002   PAD
    0x0800d674   0x00000094   Data   RO         1726    .constdata          c_w.l(bigflt0.o)
    0x0800d708   0x00000020   Data   RO         1892    Region$$Table       anon$$obj.o
    0x0800d728   0x00000110   Data   RO         1750    locale$$data        c_w.l(lc_ctype_c.o)
    0x0800d838   0x0000001c   Data   RO         1753    locale$$data        c_w.l(lc_numeric_c.o)


    Execution Region RW_IRAM1 (Base: 0x20000000, Size: 0x00009490, Max: 0x00020000, ABSOLUTE, COMPRESSED[0x00000164])

    Base Addr    Size         Type   Attr      Idx    E Section Name        Object

    0x20000000   0x0000000c   Data   RW            7    .data               main.o
    0x2000000c   0x00000014   Data   RW          317    .data               system_stm32f4xx.o
    0x20000020   0x00000008   Data   RW          364    .data               as608.o
    0x20000028   0x0000000c   Data   RW          423    .data               bluetooth.o
    0x20000034   0x00000004   Data   RW          424    .data               bluetooth.o
    0x20000038   0x00000014   Data   RW          454    .data               exti.o
    0x2000004c   0x00000002   Data   RW          503    .data               keyboard.o
    0x2000004e   0x00000300   Data   RW          539    .data               oled.o
    0x2000034e   0x00000002   PAD
    0x20000350   0x00000014   Data   RW          615    .data               rtc.o
    0x20000364   0x00000004   Data   RW          642    .data               timer.o
    0x20000368   0x00000002   Data   RW          669    .data               usart2.o
    0x2000036a   0x00000017   Data   RW          706    .data               mifare522.o
    0x20000381   0x00000010   Data   RW          800    .data               stm32f4xx_rcc.o
    0x20000391   0x00000001   PAD
    0x20000392   0x00000004   Data   RW          988    .data               delay.o
    0x20000396   0x00000002   PAD
    0x20000398   0x00000004   Data   RW         1065    .data               cpu_core.o
    0x2000039c   0x00000004   Data   RW         1129    .data               lib_mem.o
    0x200003a0   0x00000008   Data   RW         1302    .data               os_prio.o
    0x200003a8   0x00000004   Data   RW         1407    .data               os_var.o
    0x200003ac   0x00000004   Data   RW         1408    .data               os_var.o
    0x200003b0   0x00000004   Data   RW         1409    .data               os_var.o
    0x200003b4   0x00000004   Data   RW         1410    .data               os_var.o
    0x200003b8   0x00000004   Data   RW         1411    .data               os_var.o
    0x200003bc   0x00000004   Data   RW         1412    .data               os_var.o
    0x200003c0   0x00000004   Data   RW         1413    .data               os_var.o
    0x200003c4   0x00000004   Data   RW         1414    .data               os_var.o
    0x200003c8   0x00000001   Data   RW         1415    .data               os_var.o
    0x200003c9   0x00000001   Data   RW         1416    .data               os_var.o
    0x200003ca   0x00000002   PAD
    0x200003cc   0x00000004   Data   RW         1417    .data               os_var.o
    0x200003d0   0x00000004   Data   RW         1418    .data               os_var.o
    0x200003d4   0x00000002   Data   RW         1419    .data               os_var.o
    0x200003d6   0x00000002   Data   RW         1420    .data               os_var.o
    0x200003d8   0x00000002   Data   RW         1421    .data               os_var.o
    0x200003da   0x00000002   PAD
    0x200003dc   0x00000004   Data   RW         1422    .data               os_var.o
    0x200003e0   0x00000004   Data   RW         1423    .data               os_var.o
    0x200003e4   0x00000002   Data   RW         1424    .data               os_var.o
    0x200003e6   0x00000002   PAD
    0x200003e8   0x00000004   Data   RW         1425    .data               os_var.o
    0x200003ec   0x00000002   Data   RW         1426    .data               os_var.o
    0x200003ee   0x00000002   PAD
    0x200003f0   0x00000004   Data   RW         1427    .data               os_var.o
    0x200003f4   0x00000002   Data   RW         1428    .data               os_var.o
    0x200003f6   0x00000001   Data   RW         1429    .data               os_var.o
    0x200003f7   0x00000001   Data   RW         1430    .data               os_var.o
    0x200003f8   0x00000001   Data   RW         1431    .data               os_var.o
    0x200003f9   0x00000003   PAD
    0x200003fc   0x00000004   Data   RW         1432    .data               os_var.o
    0x20000400   0x00000002   Data   RW         1433    .data               os_var.o
    0x20000402   0x00000002   PAD
    0x20000404   0x00000004   Data   RW         1434    .data               os_var.o
    0x20000408   0x00000004   Data   RW         1435    .data               os_var.o
    0x2000040c   0x00000004   Data   RW         1436    .data               os_var.o
    0x20000410   0x00000001   Data   RW         1437    .data               os_var.o
    0x20000411   0x00000003   PAD
    0x20000414   0x00000004   Data   RW         1438    .data               os_var.o
    0x20000418   0x00000002   Data   RW         1439    .data               os_var.o
    0x2000041a   0x00000002   PAD
    0x2000041c   0x00000004   Data   RW         1440    .data               os_var.o
    0x20000420   0x00000004   Data   RW         1441    .data               os_var.o
    0x20000424   0x00000002   Data   RW         1442    .data               os_var.o
    0x20000426   0x00000001   Data   RW         1443    .data               os_var.o
    0x20000427   0x00000001   PAD
    0x20000428   0x00000004   Data   RW         1444    .data               os_var.o
    0x2000042c   0x00000004   Data   RW         1445    .data               os_var.o
    0x20000430   0x00000004   Data   RW         1446    .data               os_var.o
    0x20000434   0x00000002   Data   RW         1447    .data               os_var.o
    0x20000436   0x00000002   PAD
    0x20000438   0x00000004   Data   RW         1448    .data               os_var.o
    0x2000043c   0x00000004   Data   RW         1449    .data               os_var.o
    0x20000440   0x00000004   Data   RW         1450    .data               os_var.o
    0x20000444   0x00000004   Data   RW         1451    .data               os_var.o
    0x20000448   0x00000004   Data   RW         1452    .data               os_var.o
    0x2000044c   0x00000004   Data   RW         1453    .data               os_var.o
    0x20000450   0x00000004   Data   RW         1469    .data               os_cpu_c.o
    0x20000454   0x00000004   Data   RW         1579    .data               c_w.l(strtok.o)
    0x20000458   0x00000ea0   Zero   RW            4    .bss                main.o
    0x200012f8   0x0000000c   Zero   RW          363    .bss                as608.o
    0x20001304   0x00000010   Zero   RW          422    .bss                bluetooth.o
    0x20001314   0x0000001c   Zero   RW          614    .bss                rtc.o
    0x20001330   0x0000000c   Zero   RW          641    .bss                timer.o
    0x2000133c   0x00000004   PAD
    0x20001340   0x00000320   Zero   RW          668    .bss                usart2.o
    0x20001660   0x000000c8   Zero   RW          705    .bss                mifare522.o
    0x20001728   0x00000010   Zero   RW         1062    .bss                cpu_core.o
    0x20001738   0x00000448   Zero   RW         1128    .bss                lib_mem.o
    0x20001b80   0x00000200   Zero   RW         1168    .bss                os_cfg_app.o
    0x20001d80   0x00000140   Zero   RW         1169    .bss                os_cfg_app.o
    0x20001ec0   0x00000200   Zero   RW         1170    .bss                os_cfg_app.o
    0x200020c0   0x00000200   Zero   RW         1171    .bss                os_cfg_app.o
    0x200022c0   0x00000640   Zero   RW         1172    .bss                os_cfg_app.o
    0x20002900   0x00000200   Zero   RW         1173    .bss                os_cfg_app.o
    0x20002b00   0x00000088   Zero   RW         1174    .bss                os_cfg_app.o
    0x20002b88   0x00000200   Zero   RW         1175    .bss                os_cfg_app.o
    0x20002d88   0x00000088   Zero   RW         1176    .bss                os_cfg_app.o
    0x20002e10   0x000000c4   Zero   RW         1401    .bss                os_var.o
    0x20002ed4   0x000000c4   Zero   RW         1402    .bss                os_var.o
    0x20002f98   0x0000000c   Zero   RW         1403    .bss                os_var.o
    0x20002fa4   0x00000300   Zero   RW         1404    .bss                os_var.o
    0x200032a4   0x000000c4   Zero   RW         1405    .bss                os_var.o
    0x20003368   0x000000c4   Zero   RW         1406    .bss                os_var.o
    0x2000342c   0x00000060   Zero   RW         1668    .bss                c_w.l(libspace.o)
    0x2000348c   0x00000004   PAD
    0x20003490   0x00002000   Zero   RW          751    HEAP                startup_stm32f40_41xxx.o
    0x20005490   0x00004000   Zero   RW          750    STACK               startup_stm32f40_41xxx.o


==============================================================================

Image component sizes


      Code (inc. data)   RO Data    RW Data    ZI Data      Debug   Object Name

      3144        826          0          8         12      10650   as608.o
        52          4          0          0          0        548   beep.o
       216         18          0         16         16       3146   bluetooth.o
       104         14          0          0          0       1821   bsp.o
        52          0          0          0          0        344   cpu_a.o
       444         12        256          4         16      14073   cpu_core.o
       252         28          0          4          0       1385   delay.o
       100          8          0         20          0        845   exti.o
       196          0          0          0          0       2140   flash.o
      1016        110          0          2          0       2315   keyboard.o
       116         10          0          0          0        603   led.o
       346          0          0          0          0       4130   lib_ascii.o
      1640         26          0          4       1096      18708   lib_mem.o
       544          0          0          0          0        492   lib_mem_a.o
      1448          4        148          0          0       9044   lib_str.o
       124          4          0          0          0        853   lock.o
      2060        420          0         12       3744     352430   main.o
       796        148          0         23        200       3540   mifare522.o
       176         12          0          0          0       1937   misc.o
       988         32       1520        768          0       4367   oled.o
         2          0        128          0       4752      20345   os_cfg_app.o
      2440        216          0          0          0       9780   os_core.o
       172         32          0          0          0        412   os_cpu_a.o
       608         66          0          4          0       3849   os_cpu_c.o
         2          0          0          0          0        522   os_dbg.o
      1896         80          0          0          0       5797   os_flag.o
       784        144          0          0          0       2132   os_int.o
       372         20          0          0          0       2264   os_mem.o
       392         14          0          0          0       2515   os_msg.o
      1764         92          0          0          0       4492   os_mutex.o
       112          6          0          8          0       1856   os_prio.o
      1552         66          0          0          0       4986   os_q.o
      1364         58          0          0          0       4834   os_sem.o
      3796        210          0          0          0      10502   os_task.o
       848         82          0          0          0       3103   os_tick.o
       784         42          0          0          0       2809   os_time.o
      1628        128          0          0          0       5450   os_tmr.o
         0          0          0        147       1564      18728   os_var.o
       240         62          0          0          0       1292   password.o
       280        120          0          0          0       1012   root.o
       532         10          0         20         28       2768   rtc.o
        64         26        392          0      24576        852   startup_stm32f40_41xxx.o
       224         10          0          0          0       2331   stm32f4xx_exti.o
      1256         26          0          0          0       8552   stm32f4xx_flash.o
       524         44          0          0          0       3909   stm32f4xx_gpio.o
        14          0          0          0          0       1039   stm32f4xx_it.o
       296         12          0          0          0       3451   stm32f4xx_pwr.o
      1152         48          0         16          0      11740   stm32f4xx_rcc.o
      2636         48          0          0          0      13990   stm32f4xx_rtc.o
       124         16          0          0          0       1805   stm32f4xx_syscfg.o
      2524         52          0          0          0      18418   stm32f4xx_tim.o
       856         32          0          0          0       6900   stm32f4xx_usart.o
       380         36          0         20          0       1871   system_stm32f4xx.o
       660         36          0          4         12       2450   timer.o
       368         24          0          2        800       2646   usart2.o

    ----------------------------------------------------------------------
     44468       3534       2478       1108      36820     622773   Object Totals
         0          0         32          0          0          0   (incl. Generated)
         8          0          2         26          4          0   (incl. Padding)

    ----------------------------------------------------------------------

      Code (inc. data)   RO Data    RW Data    ZI Data      Debug   Library Member Name

        24          4          0          0          0         84   __2printf.o
        44          6          0          0          0         84   __2sprintf.o
        90          0          0          0          0          0   __dczerorl2.o
         8          0          0          0          0         68   __main.o
       392          4         17          0          0         92   __printf_flags_ss_wp.o
        14          0          0          0          0         68   __printf_wp.o
         0          0          0          0          0          0   __rtentry.o
        12          0          0          0          0          0   __rtentry2.o
         6          0          0          0          0          0   __rtentry4.o
        52          8          0          0          0          0   __scatter.o
        28          0          0          0          0          0   __scatter_zi.o
        28          0          0          0          0         68   _chval.o
         6          0          0          0          0          0   _printf_a.o
         6          0          0          0          0          0   _printf_c.o
        44          0          0          0          0        108   _printf_char.o
        48          6          0          0          0         96   _printf_char_common.o
        36          4          0          0          0         80   _printf_char_file.o
        40          0          0          0          0         68   _printf_charcount.o
         6          0          0          0          0          0   _printf_d.o
       120         16          0          0          0         92   _printf_dec.o
         6          0          0          0          0          0   _printf_e.o
         6          0          0          0          0          0   _printf_f.o
      1050          0          0          0          0        216   _printf_fp_dec.o
       764         10         38          0          0        100   _printf_fp_hex.o
       128         16          0          0          0         84   _printf_fp_infnan.o
         6          0          0          0          0          0   _printf_g.o
       148          4         40          0          0        160   _printf_hex_int_ll_ptr.o
         6          0          0          0          0          0   _printf_i.o
       178          0          0          0          0         88   _printf_intcommon.o
        10          0          0          0          0          0   _printf_l.o
         6          0          0          0          0          0   _printf_lc.o
        10          0          0          0          0          0   _printf_ll.o
         6          0          0          0          0          0   _printf_lld.o
         6          0          0          0          0          0   _printf_lli.o
         6          0          0          0          0          0   _printf_llo.o
         6          0          0          0          0          0   _printf_llu.o
         6          0          0          0          0          0   _printf_llx.o
       124         16          0          0          0         92   _printf_longlong_dec.o
         6          0          0          0          0          0   _printf_ls.o
         6          0          0          0          0          0   _printf_n.o
         6          0          0          0          0          0   _printf_o.o
       112          8          0          0          0        124   _printf_oct_int_ll.o
         6          0          0          0          0          0   _printf_p.o
        78          0          0          0          0        108   _printf_pad.o
         0          0          0          0          0          0   _printf_percent.o
         4          0          0          0          0          0   _printf_percent_end.o
         6          0          0          0          0          0   _printf_s.o
        82          0          0          0          0         80   _printf_str.o
        36          0          0          0          0         84   _printf_truncate.o
         6          0          0          0          0          0   _printf_u.o
        44          0          0          0          0        108   _printf_wchar.o
       188          6          8          0          0         92   _printf_wctomb.o
         6          0          0          0          0          0   _printf_x.o
        10          0          0          0          0         68   _sputc.o
       158          0          0          0          0         92   _strtoul.o
        64          0          0          0          0         92   _wcrtomb.o
        26          0          0          0          0         80   atoi.o
       220          4        148          0          0         96   bigflt0.o
      1910        128          0          0          0        672   btod.o
        12          0          0          0          0         72   exit.o
         8          0          0          0          0         68   ferror.o
         6          0          0          0          0        152   heapauxi.o
        44         10        272          0          0         76   lc_ctype_c.o
        44         10         28          0          0         76   lc_numeric_c.o
         2          0          0          0          0          0   libinit.o
        34          0          0          0          0          0   libinit2.o
         2          0          0          0          0          0   libshutdown.o
         2          0          0          0          0          0   libshutdown2.o
         8          4          0          0         96         68   libspace.o
       138          0          0          0          0         80   lludiv10.o
       238          0          0          0          0        100   lludivv7m.o
        16          4          0          0          0         76   rt_ctype_table.o
         8          4          0          0          0         68   rt_errno_addr_intlibspace.o
         8          4          0          0          0         68   rt_locale_intlibspace.o
        68          0          0          0          0         68   rt_memclr.o
        78          0          0          0          0         80   rt_memclr_w.o
         2          0          0          0          0          0   rtexit.o
        10          0          0          0          0          0   rtexit2.o
        24          0          0          0          0         68   strcat.o
       128          0          0          0          0         68   strcmpv7m.o
        32          0          0          0          0         80   strcspn.o
        62          0          0          0          0         76   strlen.o
        28          0          0          0          0         80   strspn.o
        36          0          0          0          0         80   strstr.o
        12          6          0          4          0         68   strtok.o
        68          4          0          0          0         84   strtok_int.o
       112          0          0          0          0         88   strtol.o
        74          0          0          0          0         80   sys_stackheap_outer.o
         2          0          0          0          0         68   use_no_semi.o
         2          0          0          0          0         68   use_no_semi_2.o
        36          4          0          0          0         76   vsprintf.o
        10          0          0          0          0        116   fpinit.o
         4          0          0          0          0        116   printf1.o
         4          0          0          0          0        116   printf2.o
         0          0          0          0          0          0   usenofp.o
        48          0          0          0          0        124   fpclassify.o

    ----------------------------------------------------------------------
      7878        290        556          4        100       5852   Library Totals
        18          0          5          0          4          0   (incl. Padding)

    ----------------------------------------------------------------------

      Code (inc. data)   RO Data    RW Data    ZI Data      Debug   Library Name

      7794        290        551          4         96       5380   c_w.l
        18          0          0          0          0        348   fz_wm.l
        48          0          0          0          0        124   m_wm.l

    ----------------------------------------------------------------------
      7878        290        556          4        100       5852   Library Totals

    ----------------------------------------------------------------------

==============================================================================


      Code (inc. data)   RO Data    RW Data    ZI Data      Debug   

     52346       3824       3034       1112      36920     613257   Grand Totals
     52346       3824       3034        356      36920     613257   ELF Image Totals (compressed)
     52346       3824       3034        356          0          0   ROM Totals

==============================================================================

    Total RO  Size (Code + RO Data)                55380 (  54.08kB)
    Total RW  Size (RW Data + ZI Data)             38032 (  37.14kB)
    Total ROM Size (Code + RO Data + RW Data)      55736 (  54.43kB)

==============================================================================

